// Jest Snapshot v1, https://goo.gl/fbAQLP

exports[`testing Header snapshot for the header  1`] = `null`;
